// Jest Snapshot v1, https://goo.gl/fbAQLP

exports[`Locations correctly renders after relaunch 1`] = `
<section
  className="locations container"
>
  <ul
    className="locations__list tabs__list"
  >
    <li
      className="locations__item"
    >
      <a
        className="locations__item-link tabs__item  tabs__item--active"
        href="#"
        onClick={[Function]}
      >
        <span>
          Bobruisk
        </span>
      </a>
    </li>
    <li
      className="locations__item"
    >
      <a
        className="locations__item-link tabs__item "
        href="#"
        onClick={[Function]}
      >
        <span>
          Default city
        </span>
      </a>
    </li>
    <li
      className="locations__item"
    >
      <a
        className="locations__item-link tabs__item "
        href="#"
        onClick={[Function]}
      >
        <span>
          Kishinev
        </span>
      </a>
    </li>
  </ul>
</section>
`;
